WARNING: A restricted method in java.lang.System has been called
WARNING: java.lang.System::load has been called by org.fusesource.jansi.internal.JansiLoader in an unnamed module (file:/C:/Program%20Files/JetBrains/IntelliJ%20IDEA%202025.2.1/plugins/maven/lib/maven3/lib/jansi-2.4.1.jar)
WARNING: Use --enable-native-access=ALL-UNNAMED to avoid a warning for callers in this module
WARNING: Restricted methods will be blocked in a future release unless native access is enabled

WARNING: A terminally deprecated method in sun.misc.Unsafe has been called
WARNING: sun.misc.Unsafe::objectFieldOffset has been called by com.google.common.util.concurrent.AbstractFuture$UnsafeAtomicHelper (file:/C:/Program%20Files/JetBrains/IntelliJ%20IDEA%202025.2.1/plugins/maven/lib/maven3/lib/guava-33.2.1-jre.jar)
WARNING: Please consider reporting this to the maintainers of class com.google.common.util.concurrent.AbstractFuture$UnsafeAtomicHelper
WARNING: sun.misc.Unsafe::objectFieldOffset will be removed in a future release
[INFO] Scanning for projects...
[INFO] 
[INFO] -------------------< org.example:GestionUtilisateur >-------------------
[INFO] Building GestionUtilisateur 1.0-SNAPSHOT
[INFO]   from pom.xml
[INFO] --------------------------------[ jar ]---------------------------------
[WARNING] 6 problems were encountered while building the effective model for org.openjfx:javafx-controls:jar:21.0.1 during dependency collection step for project (use -X to see details)
[WARNING] The artifact mysql:mysql-connector-java:jar:8.0.33 has been relocated to com.mysql:mysql-connector-j:jar:8.0.33: MySQL Connector/J artifacts moved to reverse-DNS compliant Maven 2+ coordinates.
[INFO] 
[INFO] --- clean:3.2.0:clean (default-clean) @ GestionUtilisateur ---
[INFO] Deleting C:\Users\sirin\IdeaProjects\GestionUtilisateur\target
[INFO] 
[INFO] --- resources:3.3.1:resources (default-resources) @ GestionUtilisateur ---
[INFO] Copying 17 resources from src\main\resources to target\classes
[INFO] 
[INFO] --- compiler:3.11.0:compile (default-compile) @ GestionUtilisateur ---
[INFO] Changes detected - recompiling the module! :source
[INFO] Compiling 36 source files with javac [debug target 24] to target\classes
[INFO] /C:/Users/sirin/IdeaProjects/GestionUtilisateur/src/main/java/services/FaceRecognitionService.java: Some input files use or override a deprecated API.
[INFO] /C:/Users/sirin/IdeaProjects/GestionUtilisateur/src/main/java/services/FaceRecognitionService.java: Recompile with -Xlint:deprecation for details.
[INFO] ------------------------------------------------------------------------
[INFO] BUILD SUCCESS
[INFO] ------------------------------------------------------------------------
[INFO] Total time:  3.441 s
[INFO] Finished at: 2026-02-27T16:23:51+01:00
[INFO] ------------------------------------------------------------------------
